Name        Neophyte~
Lvl         5
END
Name        Hardestadt~
Lvl         1
END
Name        Torann~
Lvl         213
END
Name        Quisat~
Lvl         1
END
Name        Ganesh~
Lvl         1
END
Name        Rancor~
Lvl         1
END
Name        Nighthawk~
Lvl         2
END
Name        Dustin~
Lvl         1
END
Name        Vito~
Lvl         1
END
Name        Rand~
Lvl         1
END
Name        Tsung~
Lvl         8
END
Name        Holland~
Lvl         1
END
Name        Static~
Lvl         2
END
Name        Bryndle~
Lvl         1
END
Name        Stihl~
Lvl         1
END
Name        Roberts~
Lvl         1
END
Name        Klaudia~
Lvl         1
END
Name        Meraj~
Lvl         1
END
Name        Xree~
Lvl         2
Clan        &wT&zhe &bK&re&be&rp&be&rr&bs~
CRank       5
END
Name        Loki~
Lvl         1
END
Name        Kliq~
Lvl         2
END
Name        Slitzz~
Lvl         4
END
Name        Killuminati~
Lvl         2
END
Name        Shrek~
Lvl         1
END
Name        Zyber~
Lvl         1
END
Name        Bobob~
Lvl         1
END
Name        Kell~
Lvl         1
END
Name        Fuzeish~
Lvl         1
END
Name        Rico~
Lvl         1
END
Name        Sion~
Lvl         1
END
Name        Aikawa~
Lvl         1
END
Name        Guest~
Lvl         1
END
Name        Johns~
Lvl         2
END
Name        Emerethe~
Lvl         2
END
Name        Pimpdaddy~
Lvl         2
END
Name        Talion~
Lvl         1
END
Name        Larson~
Lvl         1
END
Name        Auckbar~
Lvl         1
END
Name        Ryn~
Lvl         1
END
Name        Kiskar~
Lvl         2
END
Name        White~
Lvl         1
END
Name        DavidRM~
Lvl         1
END
Name        Cazikan~
Lvl         1
END
Name        Rhys~
Lvl         2
END
Name        Blex~
Lvl         1
END
Name        Judis~
Lvl         1
END
Name        SpaDe~
Lvl         1
END
Name        Eldjr~
Lvl         2
END
Name        Tantorian~
Lvl         1
END
Name        Deken~
Lvl         1
END
Name        Arcand~
Lvl         205
END
Name        Jimih~
Lvl         1
END
Name        Shodan~
Lvl         2
END
Name        CaTaStRoPhE~
Lvl         1
END
Name        Crescent~
Lvl         1
END
Name        Emereth~
Lvl         2
END
Name        Xai~
Lvl         1
END
Name        Halilapent~
Lvl         1
END
Name        Joopyjoo~
Lvl         1
END
Name        Mylky~
Lvl         1
END
Name        Rafon~
Lvl         2
END
Name        Mylkathros~
Lvl         2
Clan        &RDildo&BWarriorz~
CRank       1
END
Name        Twiztid~
Lvl         2
END
Name        Shock~
Lvl         213
Clan        &WI&wm&zp&Wl&we&zm&We&wn&zt&Wo&wr&zs&R~
CRank       5
END
Name        Zahn~
Lvl         1
END
Name        Vim~
Lvl         1
END
Name        Calvin~
Lvl         2
END
Name        Muji~
Lvl         2
END
Name        Skuk~
Lvl         2
END
Name        Bloustone~
Lvl         2
END
Name        Maeror~
Lvl         113
END
Name        Pebbles~
Lvl         2
END
Name        Mewguy~
Lvl         2
END
Name        JubJub~
Lvl         2
END
Name        Hobbes~
Lvl         2
END
Name        Samper~
Lvl         5
END
Name        Anaiya~
Lvl         2
END
Name        Vejita~
Lvl         4
END
Name        Hiro~
Lvl         2
END
Name        Sojourn~
Lvl         2
END
Name        Zeks~
Lvl         2
END
Name        Newguy~
Lvl         3
END
Name        Lyconius~
Lvl         2
END
Name        Eleven~
Lvl         2
END
Name        Anatwo~
Lvl         2
END
Name        Lupe~
Lvl         3
END
Name        Laugh~
Lvl         2
END
Name        Samps~
Lvl         2
END
Name        Kjodo~
Lvl         213
Clan        &zHeavy&wMetal~
END
Name        Warmonger~
Lvl         1
END
Name        QuiKBeaM~
Lvl         1
END
Name        Mordrid~
Lvl         1
END
Name        Malum~
Lvl         213
Clan        &WI&wm&zp&Wl&we&zm&We&wn&zt&Wo&wr&zs&R~
CRank       5
END
Name        Tanin~
Lvl         2
END
Name        Boyd~
Lvl         1
END
Name        Sepultura~
Lvl         1
END
Name        Mike~
Lvl         205
END
Name        Phyrian~
Lvl         2
END
Name        Mortalmalum~
Lvl         2
END
Name        Kalathir~
Lvl         1
END
Name        Kyle~
Lvl         1
END
Name        Ranin~
Lvl         1
END
Name        Corin~
Lvl         1
END
Name        Xraid~
Lvl         14
END
Name        Zarto~
Lvl         1
END
Name        Tanaren~
Lvl         1
END
Name        Styx~
Lvl         1
END
Name        Rangerjoe~
Lvl         1
END
Name        SlutHoe~
Lvl         1
END
Name        Belran~
Lvl         1
END
Name        Enzen~
Lvl         1
END
Name        Mrak~
Lvl         1
END
Name        Vin~
Lvl         1
END
Name        Spectral~
Lvl         5
END
Name        Moolum~
Lvl         1
END
Name        Xao~
Lvl         5
END
Name        Syclo~
Lvl         1
END
Name        Killiam~
Lvl         1
END
Name        Siege~
Lvl         1
END
Name        Kwar~
Lvl         1
END
Name        TestShock~
Lvl         1
END
Name        Wak~
Lvl         1
END
Name        Dens~
Lvl         10
END
Name        Muerte~
Lvl         1
END
Name        SeaWolf~
Lvl         2
END
Name        Aziz~
Lvl         200
END
Name        Anger~
Lvl         27
END
Name        Yameritzu~
Lvl         1
END
Name        Wizardj~
Lvl         2
END
Name        Brad~
Lvl         1
END
Name        Balir~
Lvl         210
END
Name        Malice~
Lvl         2
END
Name        Leaque~
Lvl         1
END
Name        Kain~
Lvl         1
END
Name        Mortis~
Lvl         210
END
Name        Fellwar~
Lvl         1
END
Name        Torian~
Lvl         1
END
#END
